#0 building with "desktop-linux" instance using docker driver

#1 [internal] load build definition from Dockerfile
#1 transferring dockerfile: 597B 0.0s done
#1 DONE 0.0s

#2 [internal] load metadata for docker.io/library/python:3.12.12-slim-bookworm@sha256:593bd06efe90efa80dc4eee3948be7c0fde4134606dd40d8dd8dbcade98e669c
#2 DONE 2.9s

#3 [internal] load .dockerignore
#3 transferring context: 143B 0.0s done
#3 DONE 0.0s

#4 [internal] load build context
#4 transferring context: 28.62kB 0.0s done
#4 DONE 0.1s

#5 [1/5] FROM docker.io/library/python:3.12.12-slim-bookworm@sha256:593bd06efe90efa80dc4eee3948be7c0fde4134606dd40d8dd8dbcade98e669c
#5 resolve docker.io/library/python:3.12.12-slim-bookworm@sha256:593bd06efe90efa80dc4eee3948be7c0fde4134606dd40d8dd8dbcade98e669c 0.1s done
#5 DONE 0.1s

#6 [2/5] WORKDIR /srv
#6 CACHED

#7 [3/5] COPY requirements-api.lock /srv/requirements-api.lock
#7 CACHED

#8 [4/5] RUN pip install --no-cache-dir --require-hashes -r requirements-api.lock     && groupadd --gid 10001 kavach && useradd --uid 10001 --gid 10001 --no-create-home kavach
#8 CACHED

#9 [5/5] COPY payment-api/app /srv/app
#9 DONE 0.1s

#10 exporting to image
#10 exporting layers
#10 exporting layers 0.2s done
#10 exporting manifest sha256:2b463ddd780948466a0f7e18ad748e1b890c4fcd02bbd48f116e5405a25283f6 0.0s done
#10 exporting config sha256:3e6f7f8ec331576b201ea9494092dfcb6a0444eeafa9b146aa6b678495e07654 0.1s done
#10 exporting attestation manifest sha256:9fb8cd4707494957c32341b6d06d4028de90b423c945a8466e8be414ce9dbee9
#10 exporting attestation manifest sha256:9fb8cd4707494957c32341b6d06d4028de90b423c945a8466e8be414ce9dbee9 0.1s done
#10 exporting manifest list sha256:4f85c3bab01310d671f7f03dc2a30df91049b4e226978f68eec25a37320cfe6a 0.0s done
#10 naming to docker.io/library/kavach-payment:dev
#10 naming to docker.io/library/kavach-payment:dev done
#10 unpacking to docker.io/library/kavach-payment:dev 0.1s done
#10 DONE 0.7s
Image: "kavach-payment:dev" with ID "sha256:4f85c3bab01310d671f7f03dc2a30df91049b4e226978f68eec25a37320cfe6a" not yet present on node "kavach-lab-control-plane", loading...
