#0 building with "desktop-linux" instance using docker driver

#1 [internal] load build definition from Dockerfile
#1 transferring dockerfile: 526B 0.0s done
#1 DONE 0.0s

#2 [internal] load metadata for docker.io/library/python:3.12.12-slim-bookworm@sha256:593bd06efe90efa80dc4eee3948be7c0fde4134606dd40d8dd8dbcade98e669c
#2 DONE 2.3s

#3 [internal] load .dockerignore
#3 transferring context: 220B done
#3 DONE 0.0s

#4 [internal] load build context
#4 transferring context: 2.58kB 0.0s done
#4 DONE 0.0s

#5 [1/5] FROM docker.io/library/python:3.12.12-slim-bookworm@sha256:593bd06efe90efa80dc4eee3948be7c0fde4134606dd40d8dd8dbcade98e669c
#5 resolve docker.io/library/python:3.12.12-slim-bookworm@sha256:593bd06efe90efa80dc4eee3948be7c0fde4134606dd40d8dd8dbcade98e669c 0.1s done
#5 DONE 0.1s

#6 [2/5] WORKDIR /srv
#6 CACHED

#7 [3/5] COPY requirements-workload.lock /srv/
#7 CACHED

#8 [4/5] RUN pip install --no-cache-dir --require-hashes -r requirements-workload.lock     && groupadd --gid 10001 kavach && useradd --uid 10001 --gid 10001 --no-create-home kavach
#8 CACHED

#9 [5/5] COPY workload /srv/workload
#9 DONE 0.0s

#10 exporting to image
#10 exporting layers 0.1s done
#10 exporting manifest sha256:69e41a60f1a4974deff7e6ef9cc229c66f6d5f2209a734fb2d753e436f73c9f1 0.0s done
#10 exporting config sha256:c73acf85bea51bd1b62a660187c58b398240938ed0d7f724068a50a45ed5463d 0.0s done
#10 exporting attestation manifest sha256:2490c3385c1333aed22df1389ea3ef7da01a684c47b1b5696bc976f592eade29 0.1s done
#10 exporting manifest list sha256:89a629fd73275b79a2f2ba2ca7f4842417f74db028730311a56ef160e3f5be38
#10 exporting manifest list sha256:89a629fd73275b79a2f2ba2ca7f4842417f74db028730311a56ef160e3f5be38 0.0s done
#10 naming to docker.io/library/kavach-workload:dev 0.0s done
#10 unpacking to docker.io/library/kavach-workload:dev 0.1s done
#10 DONE 0.5s
