#0 building with "desktop-linux" instance using docker driver

#1 [internal] load build definition from Dockerfile
#1 transferring dockerfile: 597B 0.0s done
#1 DONE 0.0s

#2 [internal] load metadata for docker.io/library/python:3.12.12-slim-bookworm@sha256:593bd06efe90efa80dc4eee3948be7c0fde4134606dd40d8dd8dbcade98e669c
#2 DONE 0.1s

#3 [internal] load .dockerignore
#3 transferring context: 143B done
#3 DONE 0.0s

#4 [internal] load build context
#4 transferring context: 24.10kB 0.0s done
#4 DONE 0.1s

#5 [1/5] FROM docker.io/library/python:3.12.12-slim-bookworm@sha256:593bd06efe90efa80dc4eee3948be7c0fde4134606dd40d8dd8dbcade98e669c
#5 resolve docker.io/library/python:3.12.12-slim-bookworm@sha256:593bd06efe90efa80dc4eee3948be7c0fde4134606dd40d8dd8dbcade98e669c
#5 resolve docker.io/library/python:3.12.12-slim-bookworm@sha256:593bd06efe90efa80dc4eee3948be7c0fde4134606dd40d8dd8dbcade98e669c 0.1s done
#5 DONE 0.1s

#6 [2/5] WORKDIR /srv
#6 CACHED

#7 [3/5] COPY requirements-api.lock /srv/requirements-api.lock
#7 CACHED

#8 [4/5] RUN pip install --no-cache-dir --require-hashes -r requirements-api.lock     && groupadd --gid 10001 kavach && useradd --uid 10001 --gid 10001 --no-create-home kavach
#8 CACHED

#9 [5/5] COPY payment-api/app /srv/app
#9 DONE 11.0s

#10 exporting to image
#10 exporting layers
#10 exporting layers 0.3s done
#10 exporting manifest sha256:cca70c39a21b3076052bbdc370f518b10b0f7b8ddbdf501973edd7c7db42a629 0.1s done
#10 exporting config sha256:b2dc051d44bf1faefe5c57ab53e6bfc362f26da71f279459e663c81f73fdc658 0.1s done
#10 exporting attestation manifest sha256:e7a10570bc258863988eae6db4aa4326d59d9d3a28ad5575ae0b19e840dcdd78 0.1s done
#10 exporting manifest list sha256:441a2ce8d1299d38c940cefe958c0d013c3a2f108e7c1eb5f0c3e8169441e3f1 0.1s done
#10 naming to docker.io/library/kavach-payment:dev done
#10 unpacking to docker.io/library/kavach-payment:dev 0.1s done
#10 DONE 0.9s
Image: "kavach-payment:dev" with ID "sha256:441a2ce8d1299d38c940cefe958c0d013c3a2f108e7c1eb5f0c3e8169441e3f1" not yet present on node "kavach-lab-control-plane", loading...
