#0 building with "desktop-linux" instance using docker driver

#1 [internal] load build definition from Dockerfile
#1 transferring dockerfile: 526B 0.0s done
#1 DONE 0.0s

#2 [internal] load metadata for docker.io/library/python:3.12.12-slim-bookworm@sha256:593bd06efe90efa80dc4eee3948be7c0fde4134606dd40d8dd8dbcade98e669c
#2 DONE 0.0s

#3 [internal] load .dockerignore
#3 transferring context: 220B done
#3 DONE 0.0s

#4 [1/5] FROM docker.io/library/python:3.12.12-slim-bookworm@sha256:593bd06efe90efa80dc4eee3948be7c0fde4134606dd40d8dd8dbcade98e669c
#4 resolve docker.io/library/python:3.12.12-slim-bookworm@sha256:593bd06efe90efa80dc4eee3948be7c0fde4134606dd40d8dd8dbcade98e669c 0.1s done
#4 DONE 0.1s

#5 [internal] load build context
#5 transferring context: 15.08kB 0.1s done
#5 DONE 0.1s

#6 [3/5] COPY requirements-workload.lock /srv/
#6 CACHED

#7 [2/5] WORKDIR /srv
#7 CACHED

#8 [4/5] RUN pip install --no-cache-dir --require-hashes -r requirements-workload.lock     && groupadd --gid 10001 kavach && useradd --uid 10001 --gid 10001 --no-create-home kavach
#8 CACHED

#9 [5/5] COPY workload /srv/workload
#9 DONE 0.1s

#10 exporting to image
#10 exporting layers 0.2s done
#10 exporting manifest sha256:0efe616ef407d15f7ac32cdf5fef6f3a2d6a7b9bb844e00d9f9d18e3271e67bf 0.0s done
#10 exporting config sha256:77425244c34cdd321f970ad9d52fd7ec90a4116a0071d6de282456bc9ba9a4f2 0.0s done
#10 exporting attestation manifest sha256:27f38375f4122666a525ce12a3da64bc80384c8aefbbbf8d52f1d3b9c749ecef
#10 exporting attestation manifest sha256:27f38375f4122666a525ce12a3da64bc80384c8aefbbbf8d52f1d3b9c749ecef 0.1s done
#10 exporting manifest list sha256:9d5f760775b88fbc772c7a08a8affb78f1f299a6b74254a5a8ebb4c792f1c93a 0.0s done
#10 naming to docker.io/library/kavach-workload:dev done
#10 unpacking to docker.io/library/kavach-workload:dev
#10 unpacking to docker.io/library/kavach-workload:dev 0.1s done
#10 DONE 0.5s
