serviceaccount/metrics-server created
clusterrole.rbac.authorization.k8s.io/system:aggregated-metrics-reader created
clusterrole.rbac.authorization.k8s.io/system:metrics-server created
rolebinding.rbac.authorization.k8s.io/metrics-server-auth-reader created
clusterrolebinding.rbac.authorization.k8s.io/metrics-server:system:auth-delegator created
clusterrolebinding.rbac.authorization.k8s.io/system:metrics-server created
service/metrics-server created
deployment.apps/metrics-server created
apiservice.apiregistration.k8s.io/v1beta1.metrics.k8s.io created
serviceaccount/prometheus created
role.rbac.authorization.k8s.io/prometheus-pods created
clusterrole.rbac.authorization.k8s.io/kavach-prometheus created
rolebinding.rbac.authorization.k8s.io/prometheus-pods created
clusterrolebinding.rbac.authorization.k8s.io/kavach-prometheus created
configmap/grafana-datasource-mt8484h77m created
configmap/prometheus-config-mcm272cgm2 created
service/grafana created
service/prometheus created
deployment.apps/grafana created
deployment.apps/prometheus created
Waiting for deployment "prometheus" rollout to finish: 0 of 1 updated replicas are available...
deployment "prometheus" successfully rolled out
Waiting for deployment "grafana" rollout to finish: 0 of 1 updated replicas are available...
deployment "grafana" successfully rolled out
deployment "metrics-server" successfully rolled out
