#0 building with "desktop-linux" instance using docker driver

#1 [internal] load build definition from Dockerfile
#1 transferring dockerfile: 526B 0.0s done
#1 DONE 0.0s

#2 [internal] load metadata for docker.io/library/python:3.12.12-slim-bookworm@sha256:593bd06efe90efa80dc4eee3948be7c0fde4134606dd40d8dd8dbcade98e669c
#2 DONE 0.0s

#3 [internal] load .dockerignore
#3 transferring context: 220B 0.0s done
#3 DONE 0.0s

#4 [internal] load build context
#4 transferring context: 7.08kB 0.0s done
#4 DONE 0.0s

#5 [1/5] FROM docker.io/library/python:3.12.12-slim-bookworm@sha256:593bd06efe90efa80dc4eee3948be7c0fde4134606dd40d8dd8dbcade98e669c
#5 resolve docker.io/library/python:3.12.12-slim-bookworm@sha256:593bd06efe90efa80dc4eee3948be7c0fde4134606dd40d8dd8dbcade98e669c 0.1s done
#5 DONE 0.1s

#6 [3/5] COPY requirements-workload.lock /srv/
#6 CACHED

#7 [2/5] WORKDIR /srv
#7 CACHED

#8 [4/5] RUN pip install --no-cache-dir --require-hashes -r requirements-workload.lock     && groupadd --gid 10001 kavach && useradd --uid 10001 --gid 10001 --no-create-home kavach
#8 CACHED

#9 [5/5] COPY workload /srv/workload
#9 DONE 0.1s

#10 exporting to image
#10 exporting layers 0.1s done
#10 exporting manifest sha256:1dd97ff175aed212072c2cf4619b0eaedaecd3c0644a16f83f17347b000b89b3 0.0s done
#10 exporting config sha256:5428e16074013f71ea98d2c18d194d0acb914fec5e77afb6ca929a7879f4f920 0.0s done
#10 exporting attestation manifest sha256:acc2897f4d760818020fc18d198ec2bc753c4fd993ce11fda160f6a48d62a0fb
#10 exporting attestation manifest sha256:acc2897f4d760818020fc18d198ec2bc753c4fd993ce11fda160f6a48d62a0fb 0.1s done
#10 exporting manifest list sha256:f5c09c08275ae8e26c2ed7a290cdcfebc3faefbc7744912ba648ac297eae6b42 0.0s done
#10 naming to docker.io/library/kavach-workload:dev done
#10 unpacking to docker.io/library/kavach-workload:dev 0.1s done
#10 DONE 0.5s
