29.5.3
Creating cluster "kavach-lab" ...
 • Ensuring node image (kindest/node:v1.34.0) 🖼️  ...
 ✓ Ensuring node image (kindest/node:v1.34.0) 🖼️
 • Preparing nodes 📦   ...
 ✓ Preparing nodes 📦 
 • Writing configuration 📜  ...
 ✓ Writing configuration 📜
 • Starting control-plane 🕹️  ...
 ✓ Starting control-plane 🕹️
 • Installing CNI 🔌  ...
 ✓ Installing CNI 🔌
 • Installing StorageClass 💾  ...
 ✓ Installing StorageClass 💾
 • Waiting ≤ 3m0s for control-plane = Ready ⏳  ...
 ✓ Waiting ≤ 3m0s for control-plane = Ready ⏳
 • Ready after 27s 💚
Set kubectl context to "kind-kavach-lab"
You can now use your cluster with:

kubectl cluster-info --context kind-kavach-lab --kubeconfig 'C:\Users\Acer\Desktop\Kavach Ai\infrastructure\kubeconfig'

Not sure what to do next? 😅  Check out https://kind.sigs.k8s.io/docs/user/quick-start/
